Microsoft Windows [Version 10.0.17134.950]
(c) 2018 Microsoft Corporation. All rights reserved.

C:\Users\USER>d
'd' is not recognized as an internal or external command,
operable program or batch file.

C:\Users\USER>d;
'd' is not recognized as an internal or external command,
operable program or batch file.

C:\Users\USER>d:

D:\>SekolahQA
'SekolahQA' is not recognized as an internal or external command,
operable program or batch file.

D:\>cd SekolahQA

D:\SekolahQA>cd Git

D:\SekolahQA\Git>cd "Git Practice"

D:\SekolahQA\Git\Git Practice>git init .
Initialized empty Git repository in D:/SekolahQA/Git/Git Practice/.git/

D:\SekolahQA\Git\Git Practice>git status
On branch master

No commits yet

Untracked files:
  (use "git add <file>..." to include in what will be committed)
        .gitignore
        contact.html
        index.html

nothing added to commit but untracked files present (use "git add" to track)

D:\SekolahQA\Git\Git Practice>git add .

D:\SekolahQA\Git\Git Practice>sit status
'sit' is not recognized as an internal or external command,
operable program or batch file.

D:\SekolahQA\Git\Git Practice>git status
On branch master

No commits yet

Changes to be committed:
  (use "git rm --cached <file>..." to unstage)
        new file:   .gitignore
        new file:   contact.html
        new file:   index.html


D:\SekolahQA\Git\Git Practice>git commit -m"commit pertama"
Author identity unknown

*** Please tell me who you are.

Run

  git config --global user.email "you@example.com"
  git config --global user.name "Your Name"

to set your account's default identity.
Omit --global to set the identity only in this repository.

fatal: unable to auto-detect email address (got 'USER@DESKTOP-UH09FIL.(none)')

D:\SekolahQA\Git\Git Practice>git config --global user.email "msajidalfi@gmail.com"

D:\SekolahQA\Git\Git Practice>git config --global user.name "Sajida Alfi"

D:\SekolahQA\Git\Git Practice>git commit -m"commit pertama"
[master (root-commit) 2379ff4] commit pertama
 3 files changed, 21 insertions(+)
 create mode 100644 .gitignore
 create mode 100644 contact.html
 create mode 100644 index.html

D:\SekolahQA\Git\Git Practice>git status
On branch master
nothing to commit, working tree clean

D:\SekolahQA\Git\Git Practice>git status
On branch master
Changes not staged for commit:
  (use "git add <file>..." to update what will be committed)
  (use "git restore <file>..." to discard changes in working directory)
        modified:   contact.html

no changes added to commit (use "git add" and/or "git commit -a")

D:\SekolahQA\Git\Git Practice>git add contact.html

D:\SekolahQA\Git\Git Practice>git status
On branch master
Changes to be committed:
  (use "git restore --staged <file>..." to unstage)
        modified:   contact.html


D:\SekolahQA\Git\Git Practice>git commit -m"edit file contact"
[master 489e8ac] edit file contact
 1 file changed, 1 insertion(+)

D:\SekolahQA\Git\Git Practice>git status
On branch master
nothing to commit, working tree clean

D:\SekolahQA\Git\Git Practice>git log
commit 489e8ac9cedfada44fe81a7e92151a77e001c5a5 (HEAD -> master)
Author: Sajida Alfi <msajidalfi@gmail.com>
Date:   Wed Jun 16 20:35:42 2021 +0700

    edit file contact

commit 2379ff4deb3420818bf879cdacaf32c253bc7b47
Author: Sajida Alfi <msajidalfi@gmail.com>
Date:   Wed Jun 16 20:26:34 2021 +0700

    commit pertama

D:\SekolahQA\Git\Git Practice>git log contact.html
commit 489e8ac9cedfada44fe81a7e92151a77e001c5a5 (HEAD -> master)
Author: Sajida Alfi <msajidalfi@gmail.com>
Date:   Wed Jun 16 20:35:42 2021 +0700

    edit file contact

commit 2379ff4deb3420818bf879cdacaf32c253bc7b47
Author: Sajida Alfi <msajidalfi@gmail.com>
Date:   Wed Jun 16 20:26:34 2021 +0700

    commit pertama

D:\SekolahQA\Git\Git Practice>git status
On branch master
nothing to commit, working tree clean

D:\SekolahQA\Git\Git Practice>git add .contact.html
fatal: pathspec '.contact.html' did not match any files

D:\SekolahQA\Git\Git Practice>git add contact.html

D:\SekolahQA\Git\Git Practice>git status
On branch master
nothing to commit, working tree clean

D:\SekolahQA\Git\Git Practice>git status
On branch master
Changes not staged for commit:
  (use "git add <file>..." to update what will be committed)
  (use "git restore <file>..." to discard changes in working directory)
        modified:   contact.html

no changes added to commit (use "git add" and/or "git commit -a")

D:\SekolahQA\Git\Git Practice>git diff
diff --git a/contact.html b/contact.html
index 36ba166..457e532 100644
--- a/contact.html
+++ b/contact.html
@@ -7,5 +7,8 @@
     <body>
         <p>Hello Semua, kita sedang belajar Git</p>
                <p>Hello Semua, kita sedang belajar Git</p>
+               <p>Hello Semua, kita sedang belajar Git</p>
+               <p>Hello Semua, kita sedang belajar Git</p>
+               <p>Hello Semua, kita sedang belajar Git</p>
     </body>
 </html>

D:\SekolahQA\Git\Git Practice>git status
On branch master
Changes not staged for commit:
  (use "git add <file>..." to update what will be committed)
  (use "git restore <file>..." to discard changes in working directory)
        modified:   contact.html
        modified:   index.html

no changes added to commit (use "git add" and/or "git commit -a")

D:\SekolahQA\Git\Git Practice>git diff
diff --git a/contact.html b/contact.html
index 36ba166..457e532 100644
--- a/contact.html
+++ b/contact.html
@@ -7,5 +7,8 @@
     <body>
         <p>Hello Semua, kita sedang belajar Git</p>
                <p>Hello Semua, kita sedang belajar Git</p>
+               <p>Hello Semua, kita sedang belajar Git</p>
+               <p>Hello Semua, kita sedang belajar Git</p>
+               <p>Hello Semua, kita sedang belajar Git</p>
     </body>
 </html>
diff --git a/index.html b/index.html
index 4c1f7eb..62162f3 100644
--- a/index.html
+++ b/index.html
@@ -5,6 +5,9 @@
         <title>Belajar Git QA Cilsy</title>
     </head>
     <body>
-        <p>Hello Semua, kita sedang belajar Git</p>
+        <p>Hello Semua, kita sedang belajar Git 1</p>
+               <p>Hello Semua, kita sedang belajar Git 2</p>
+               <p>Hello Semua, kita sedang belajar Git 3</p>
+               <p>Hello Semua, kita sedang belajar Git 4</p>
     </body>
 </html>

D:\SekolahQA\Git\Git Practice>git add .

D:\SekolahQA\Git\Git Practice>git diff

D:\SekolahQA\Git\Git Practice>git status
On branch master
Changes to be committed:
  (use "git restore --staged <file>..." to unstage)
        modified:   contact.html
        modified:   index.html


D:\SekolahQA\Git\Git Practice>git restore --staged .

D:\SekolahQA\Git\Git Practice>git status
On branch master
Changes not staged for commit:
  (use "git add <file>..." to update what will be committed)
  (use "git restore <file>..." to discard changes in working directory)
        modified:   contact.html
        modified:   index.html

no changes added to commit (use "git add" and/or "git commit -a")

D:\SekolahQA\Git\Git Practice>git diff
diff --git a/contact.html b/contact.html
index 36ba166..457e532 100644
--- a/contact.html
+++ b/contact.html
@@ -7,5 +7,8 @@
     <body>
         <p>Hello Semua, kita sedang belajar Git</p>
                <p>Hello Semua, kita sedang belajar Git</p>
+               <p>Hello Semua, kita sedang belajar Git</p>
+               <p>Hello Semua, kita sedang belajar Git</p>
+               <p>Hello Semua, kita sedang belajar Git</p>
     </body>
 </html>
diff --git a/index.html b/index.html
index 4c1f7eb..62162f3 100644
--- a/index.html
+++ b/index.html
@@ -5,6 +5,9 @@
         <title>Belajar Git QA Cilsy</title>
     </head>
     <body>
-        <p>Hello Semua, kita sedang belajar Git</p>
+        <p>Hello Semua, kita sedang belajar Git 1</p>
+               <p>Hello Semua, kita sedang belajar Git 2</p>
+               <p>Hello Semua, kita sedang belajar Git 3</p>
+               <p>Hello Semua, kita sedang belajar Git 4</p>
     </body>
 </html>

D:\SekolahQA\Git\Git Practice>git branch
* master

D:\SekolahQA\Git\Git Practice>git branch new_alfi

D:\SekolahQA\Git\Git Practice>git branch
* master
  new_alfi

D:\SekolahQA\Git\Git Practice>git checkout new_alfi
Switched to branch 'new_alfi'
M       contact.html
M       index.html

D:\SekolahQA\Git\Git Practice>git branch
  master
* new_alfi

D:\SekolahQA\Git\Git Practice>git checkout master
Switched to branch 'master'
M       contact.html
M       index.html

D:\SekolahQA\Git\Git Practice>git branch
* master
  new_alfi

D:\SekolahQA\Git\Git Practice>git status
On branch master
Changes not staged for commit:
  (use "git add <file>..." to update what will be committed)
  (use "git restore <file>..." to discard changes in working directory)
        modified:   contact.html
        modified:   index.html

no changes added to commit (use "git add" and/or "git commit -a")

D:\SekolahQA\Git\Git Practice>git add .

D:\SekolahQA\Git\Git Practice>git commit -m"update commit"
[master bbfe372] update commit
 2 files changed, 7 insertions(+), 1 deletion(-)

D:\SekolahQA\Git\Git Practice>git status
On branch master
nothing to commit, working tree clean

D:\SekolahQA\Git\Git Practice>git branch
* master
  new_alfi

D:\SekolahQA\Git\Git Practice>git branch new_alfi
fatal: A branch named 'new_alfi' already exists.

D:\SekolahQA\Git\Git Practice>git branch
* master
  new_alfi

D:\SekolahQA\Git\Git Practice>git checkout new_alfi
Switched to branch 'new_alfi'

D:\SekolahQA\Git\Git Practice>git branch
  master
* new_alfi

D:\SekolahQA\Git\Git Practice>git checkout master
Switched to branch 'master'

D:\SekolahQA\Git\Git Practice>git branch
* master
  new_alfi

D:\SekolahQA\Git\Git Practice>git checkout new_alfi
Switched to branch 'new_alfi'

D:\SekolahQA\Git\Git Practice>git status
On branch new_alfi
Untracked files:
  (use "git add <file>..." to include in what will be committed)
        newfile_1.html
        newfile_2.html

nothing added to commit but untracked files present (use "git add" to track)

D:\SekolahQA\Git\Git Practice>git add .

D:\SekolahQA\Git\Git Practice>git status
On branch new_alfi
Changes to be committed:
  (use "git restore --staged <file>..." to unstage)
        new file:   newfile_1.html
        new file:   newfile_2.html


D:\SekolahQA\Git\Git Practice>git commit -m"first commit in new branch
[new_alfi f4407a3] first commit in new branch
 2 files changed, 18 insertions(+)
 create mode 100644 newfile_1.html
 create mode 100644 newfile_2.html

D:\SekolahQA\Git\Git Practice>git status
On branch new_alfi
nothing to commit, working tree clean

D:\SekolahQA\Git\Git Practice>git log
commit f4407a3e50f7b98aed226ea3c4072d6623f8f92a (HEAD -> new_alfi)
Author: Sajida Alfi <msajidalfi@gmail.com>
Date:   Wed Jun 16 21:54:17 2021 +0700

    first commit in new branch

commit 489e8ac9cedfada44fe81a7e92151a77e001c5a5
Author: Sajida Alfi <msajidalfi@gmail.com>
Date:   Wed Jun 16 20:35:42 2021 +0700

    edit file contact

commit 2379ff4deb3420818bf879cdacaf32c253bc7b47
Author: Sajida Alfi <msajidalfi@gmail.com>
Date:   Wed Jun 16 20:26:34 2021 +0700

    commit pertama

D:\SekolahQA\Git\Git Practice>git branch master
fatal: A branch named 'master' already exists.

D:\SekolahQA\Git\Git Practice>git checkout master
Switched to branch 'master'

D:\SekolahQA\Git\Git Practice>git checkout new_alfi
Switched to branch 'new_alfi'

D:\SekolahQA\Git\Git Practice>git checkout master
Switched to branch 'master'

D:\SekolahQA\Git\Git Practice>git status
On branch master
nothing to commit, working tree clean

D:\SekolahQA\Git\Git Practice>git branch
* master
  new_alfi

D:\SekolahQA\Git\Git Practice>git merge new_alfi
Merge made by the 'recursive' strategy.
 newfile_1.html | 9 +++++++++
 newfile_2.html | 9 +++++++++
 2 files changed, 18 insertions(+)
 create mode 100644 newfile_1.html
 create mode 100644 newfile_2.html

D:\SekolahQA\Git\Git Practice>git checkout master
Already on 'master'

D:\SekolahQA\Git\Git Practice>git status
On branch master
Changes not staged for commit:
  (use "git add <file>..." to update what will be committed)
  (use "git restore <file>..." to discard changes in working directory)
        modified:   newfile_1.html

no changes added to commit (use "git add" and/or "git commit -a")

D:\SekolahQA\Git\Git Practice>git add .

D:\SekolahQA\Git\Git Practice>git commit -m"update newfile_1"
[master 97364eb] update newfile_1
 1 file changed, 1 insertion(+), 2 deletions(-)

D:\SekolahQA\Git\Git Practice>git checkout new_alfi
Switched to branch 'new_alfi'

D:\SekolahQA\Git\Git Practice>git status
On branch new_alfi
Changes not staged for commit:
  (use "git add <file>..." to update what will be committed)
  (use "git restore <file>..." to discard changes in working directory)
        modified:   newfile_1.html

no changes added to commit (use "git add" and/or "git commit -a")

D:\SekolahQA\Git\Git Practice>git add .

D:\SekolahQA\Git\Git Practice>git commit -m"update newfile_1 di new_alfi"
[new_alfi 099dc00] update newfile_1 di new_alfi
 1 file changed, 3 insertions(+)

D:\SekolahQA\Git\Git Practice>git log
commit 099dc00dad29b57fad803b10530d734134ecad60 (HEAD -> new_alfi)
Author: Sajida Alfi <msajidalfi@gmail.com>
Date:   Wed Jun 16 22:05:51 2021 +0700

    update newfile_1 di new_alfi

commit f4407a3e50f7b98aed226ea3c4072d6623f8f92a
Author: Sajida Alfi <msajidalfi@gmail.com>
Date:   Wed Jun 16 21:54:17 2021 +0700

    first commit in new branch

commit 489e8ac9cedfada44fe81a7e92151a77e001c5a5
Author: Sajida Alfi <msajidalfi@gmail.com>
Date:   Wed Jun 16 20:35:42 2021 +0700

    edit file contact

commit 2379ff4deb3420818bf879cdacaf32c253bc7b47
Author: Sajida Alfi <msajidalfi@gmail.com>
Date:   Wed Jun 16 20:26:34 2021 +0700

    commit pertama

D:\SekolahQA\Git\Git Practice>git checkout master
Switched to branch 'master'

D:\SekolahQA\Git\Git Practice>git branch
* master
  new_alfi

D:\SekolahQA\Git\Git Practice>git merge new_alfi
Auto-merging newfile_1.html
CONFLICT (content): Merge conflict in newfile_1.html
Automatic merge failed; fix conflicts and then commit the result.

D:\SekolahQA\Git\Git Practice>git status
On branch master
You have unmerged paths.
  (fix conflicts and run "git commit")
  (use "git merge --abort" to abort the merge)

Unmerged paths:
  (use "git add <file>..." to mark resolution)
        both modified:   newfile_1.html

no changes added to commit (use "git add" and/or "git commit -a")

D:\SekolahQA\Git\Git Practice>git add .

D:\SekolahQA\Git\Git Practice>git commit -m"accept changes"
[master d6c60bd] accept changes

D:\SekolahQA\Git\Git Practice>git status
On branch master
nothing to commit, working tree clean

D:\SekolahQA\Git\Git Practice>git merge new_alfi
Already up to date.

D:\SekolahQA\Git\Git Practice>git branch -d new_alfi
Deleted branch new_alfi (was 099dc00).

D:\SekolahQA\Git\Git Practice>git branch
* master

D:\SekolahQA\Git\Git Practice>